Microchip MPLAB XC8 Compiler V1.30 ()

Linker command line:

--edf=C:\Program Files\Microchip\xc8\v1.30\dat\en_msgs.txt -cs \
  -h+dist/default/production\ceiling_lamp_OHM_lux_color.X.production.sym \
  --cmf=dist/default/production\ceiling_lamp_OHM_lux_color.X.production.cmf \
  -z -Q16F1503 -oC:\DOCUME~1\THY260~1.YAM\LOCALS~1\Temp\s3t4.6 \
  -Mdist/default/production/ceiling_lamp_OHM_lux_color.X.production.map -E1 \
  -ver=XC8 -ASTACK=0202Dh-0206fh -pstack=STACK -ACONST=00h-0FFhx8 \
  -ACODE=00h-07FFh -ASTRCODE=00h-07FFh -AENTRY=00h-0FFhx8 \
  -ASTRING=00h-0FFhx8 -ACOMMON=070h-07Fh -ABANK0=020h-06Fh \
  -ABANK1=0A0h-0BFh -ABIGRAM=02000h-0206Fh -ARAM=020h-06Fh,0A0h-0BFh \
  -AABS1=020h-07Fh,0A0h-0BFh -ASFR0=00h-01Fh -ASFR1=080h-09Fh \
  -ASFR2=0100h-016Fh -ASFR3=0180h-01EFh -ASFR4=0200h-026Fh \
  -ASFR5=0280h-02EFh -ASFR6=0300h-036Fh -ASFR7=0380h-03EFh \
  -ASFR8=0400h-046Fh -ASFR9=0480h-04EFh -ASFR10=0500h-056Fh \
  -ASFR11=0580h-05EFh -ASFR12=0600h-066Fh -ASFR13=0680h-06EFh \
  -ASFR14=0700h-076Fh -ASFR15=0780h-07EFh -ASFR16=0800h-086Fh \
  -ASFR17=0880h-08EFh -ASFR18=0900h-096Fh -ASFR19=0980h-09EFh \
  -ASFR20=0A00h-0A6Fh -ASFR21=0A80h-0AEFh -ASFR22=0B00h-0B6Fh \
  -ASFR23=0B80h-0BEFh -ASFR24=0C00h-0C6Fh -ASFR25=0C80h-0CEFh \
  -ASFR26=0D00h-0D6Fh -ASFR27=0D80h-0DEFh -ASFR28=0E00h-0E6Fh \
  -ASFR29=0E80h-0EEFh -ASFR30=0F00h-0F6Fh -ASFR31=0F80h-0FEFh \
  -preset_vec=00h,intentry=04h,init,end_init -ppowerup=CODE -pcinit=CODE \
  -pfunctab=CODE -ACONFIG=08007h-08008h -pconfig=CONFIG -DCONFIG=2 \
  -AIDLOC=08000h-08003h -pidloc=IDLOC -DIDLOC=2 -DCODE=2 -DSTRCODE=2 \
  -DSTRING=2 -DCONST=2 -DENTRY=2 -k \
  C:\DOCUME~1\THY260~1.YAM\LOCALS~1\Temp\s3t4.obj \
  dist/default/production\ceiling_lamp_OHM_lux_color.X.production.obj 

Object code version is 3.11

Machine type is 16F1503



                Name                               Link     Load   Length Selector   Space Scale
C:\DOCUME~1\THY260~1.YAM\LOCALS~1\Temp\s3t4.obj
                end_init                             4A       4A        1        8       0
                reset_vec                             0        0        1        0       0
                config                             8007     8007        2    1000E       0
dist/default/production\ceiling_lamp_OHM_lux_color.X.production.obj
                cinit                                4B       4B        D        8       0
                intentry                              4        4       46        8       0
                text18                              1E4      1E4       84        8       0
                text16                              502      502       17        8       0
                text15                              464      464       2A        8       0
                text14                              48E      48E       1F        8       0
                text13                              3D8      3D8       34        8       0
                text12                              268      268       7C        8       0
                text11                              4E9      4E9       19        8       0
                text10                              43A      43A       2A        8       0
                text9                               52D      52D       11        8       0
                text8                               40C      40C       2E        8       0
                text7                               338      338       52        8       0
                text6                               38A      38A       4E        8       0
                text5                               4CB      4CB       1E        8       0
                text4                                58       58       DA        8       0
                text3                               4AD      4AD       1E        8       0
                text2                               2E4      2E4       54        8       0
                text1                               132      132       B2        8       0
                maintext                            519      519       14        8       0
                cstackBANK0                          3B       3B       12       20       1
                cstackCOMMON                         72       72        6       70       1
                clrtext                             53E      53E        6        8       0
                bssBANK0                             20       20       1B       20       1
                dataCOMMON                           79       79        1       70       1
                bssCOMMON                            78       78        1       70       1
                bitbssCOMMON                        380       70        9       70       1     8
                idataCOMMON                         544      544        1        8       0

TOTAL           Name                               Link     Load   Length     Space
        CLASS   STACK          

        CLASS   CONST          

        CLASS   CODE           
                end_init                             4A       4A        1         0
                cinit                                4B       4B        D         0
                intentry                              4        4       46         0
                reset_vec                             0        0        1         0
                text18                              1E4      1E4       84         0
                text16                              502      502       17         0
                text15                              464      464       2A         0
                text14                              48E      48E       1F         0
                text13                              3D8      3D8       34         0
                text12                              268      268       7C         0
                text11                              4E9      4E9       19         0
                text10                              43A      43A       2A         0
                text9                               52D      52D       11         0
                text8                               40C      40C       2E         0
                text7                               338      338       52         0
                text6                               38A      38A       4E         0
                text5                               4CB      4CB       1E         0
                text4                                58       58       DA         0
                text3                               4AD      4AD       1E         0
                text2                               2E4      2E4       54         0
                text1                               132      132       B2         0
                maintext                            519      519       14         0
                clrtext                             53E      53E        6         0
                idataCOMMON                         544      544        1         0

        CLASS   STRCODE        

        CLASS   ENTRY          

        CLASS   STRING         

        CLASS   COMMON         
                cstackCOMMON                         72       72        6         1
                dataCOMMON                           79       79        1         1
                bssCOMMON                            78       78        1         1
                bitbssCOMMON                        380       70        9         1

        CLASS   BANK0          
                cstackBANK0                          3B       3B       12         1
                bssBANK0                             20       20       1B         1

        CLASS   BANK1          

        CLASS   BIGRAM         

        CLASS   RAM            

        CLASS   ABS1           
                abs_s1                               7E       7E        2         1

        CLASS   SFR0           

        CLASS   SFR1           

        CLASS   SFR2           

        CLASS   SFR3           

        CLASS   SFR4           

        CLASS   SFR5           

        CLASS   SFR6           

        CLASS   SFR7           

        CLASS   SFR8           

        CLASS   SFR9           

        CLASS   SFR10          

        CLASS   SFR11          

        CLASS   SFR12          

        CLASS   SFR13          

        CLASS   SFR14          

        CLASS   SFR15          

        CLASS   SFR16          

        CLASS   SFR17          

        CLASS   SFR18          

        CLASS   SFR19          

        CLASS   SFR20          

        CLASS   SFR21          

        CLASS   SFR22          

        CLASS   SFR23          

        CLASS   SFR24          

        CLASS   SFR25          

        CLASS   SFR26          

        CLASS   SFR27          

        CLASS   SFR28          

        CLASS   SFR29          

        CLASS   SFR30          

        CLASS   SFR31          

        CLASS   CONFIG         
                config                             8007     8007        2         0

        CLASS   IDLOC          

        CLASS   BANK31         

        CLASS   BANK30         

        CLASS   BANK29         

        CLASS   BANK28         

        CLASS   BANK27         

        CLASS   BANK26         

        CLASS   BANK25         

        CLASS   BANK24         

        CLASS   BANK23         

        CLASS   BANK22         

        CLASS   BANK21         

        CLASS   BANK20         

        CLASS   BANK19         

        CLASS   BANK18         

        CLASS   BANK17         

        CLASS   BANK16         

        CLASS   BANK15         

        CLASS   BANK14         

        CLASS   BANK13         

        CLASS   BANK12         

        CLASS   BANK11         

        CLASS   BANK10         

        CLASS   BANK9          

        CLASS   BANK8          

        CLASS   BANK7          

        CLASS   BANK6          

        CLASS   BANK5          

        CLASS   BANK4          

        CLASS   BANK3          

        CLASS   BANK2          

        CLASS   EEDATA         



SEGMENTS        Name                           Load    Length   Top    Selector   Space  Class     Delta

                reset_vec                      000000  000001  000001         0       0  CODE        2
                intentry                       000004  000541  000545         8       0  CODE        2
                bssBANK0                       000020  00002D  00004D        20       1  BANK0       1
                bitbssCOMMON                   000070  00000A  00007A        70       1  COMMON      1
                config                         008007  000002  008009     1000E       0  CONFIG      2


UNUSED ADDRESS RANGES

        Name                Unused          Largest block    Delta
        BANK0            0004D-0006F              23           1
        BANK1            000A0-000BF              20           1
        BIGRAM           02000-0206F              70           1
        CODE             00001-00003               3           2
                         00545-007FF             2BB
        COMMON           0007A-0007D               4           1
        CONST            00001-00003               3           2
                         00545-007FF             100
        ENTRY            00001-00003               3           2
                         00545-007FF             100
        IDLOC            08000-08003               4           2
        RAM              0004D-0006F              23           1
                         000A0-000BF              20
        SFR0             00000-0001F              20           1
        SFR1             00080-0009F              20           1
        SFR10            00500-0056F              70           1
        SFR11            00580-005EF              70           1
        SFR12            00600-0066F              70           1
        SFR13            00680-006EF              70           1
        SFR14            00700-0076F              70           1
        SFR15            00780-007EF              70           1
        SFR16            00800-0086F              70           1
        SFR17            00880-008EF              70           1
        SFR18            00900-0096F              70           1
        SFR19            00980-009EF              70           1
        SFR2             00100-0016F              70           1
        SFR20            00A00-00A6F              70           1
        SFR21            00A80-00AEF              70           1
        SFR22            00B00-00B6F              70           1
        SFR23            00B80-00BEF              70           1
        SFR24            00C00-00C6F              70           1
        SFR25            00C80-00CEF              70           1
        SFR26            00D00-00D6F              70           1
        SFR27            00D80-00DEF              70           1
        SFR28            00E00-00E6F              70           1
        SFR29            00E80-00EEF              70           1
        SFR3             00180-001EF              70           1
        SFR30            00F00-00F6F              70           1
        SFR31            00F80-00FEF              70           1
        SFR4             00200-0026F              70           1
        SFR5             00280-002EF              70           1
        SFR6             00300-0036F              70           1
        SFR7             00380-003EF              70           1
        SFR8             00400-0046F              70           1
        SFR9             00480-004EF              70           1
        STACK            0202D-0206F              43           1
        STRCODE          00001-00003               3           2
                         00545-007FF             2BB
        STRING           00001-00003               3           2
                         00545-007FF             100

                                  Symbol Table

?___awdiv                     cstackBANK0  0003F
?___wmul                      cstackBANK0  0003B
BzSet@Long                    cstackCOMMON 00076
BzSet@Times                   cstackBANK0  0003C
Delay@Time                    cstackBANK0  0003B
GetIrAN@AN                    cstackCOMMON 00077
GetIrAN@cnt1                  bssBANK0     00031
GetIrAN@cnt2                  bssBANK0     00032
IrDeal@Night                  bitbssCOMMON 00380
ReadDataFromFlash@AddrTemp    cstackBANK0  0003F
SaveDataToFlash@AddrTemp      cstackBANK0  00043
WritePwmPercentage@AN         cstackBANK0  00043
WritePwmPercentage@Percentage cstackBANK0  0003F
_ANSELA                       (abs)        0018C
_ANSELC                       (abs)        0018E
_Addr                         bssBANK0     00039
_Bz                           bssBANK0     00020
_BzSet                        text9        0052D
_CCT                          bitbssCOMMON 00381
_CCTLevel                     dataCOMMON   00079
_CheckIr                      text16       00502
_ColorTemperature             bitbssCOMMON 00382
_ColorTemperatureBack         bitbssCOMMON 00383
_Delay                        text15       00464
_DimmingBack                  bssBANK0     00033
_DimmingNum                   bssCOMMON    00078
_DimmingNumBackup             bssBANK0     00034
_GetIrAN                      text3        004AD
_INTCONbits                   (abs)        0000B
_ISR                          intentry     00004
_InitPowerOn                  text11       004E9
_Initialize                   text10       0043A
_IrAn                         bssBANK0     00035
_IrData                       bssBANK0     00027
_IrDeal                       text4        00058
_IrRcv                        text18       001E4
_LeadFlg                      bitbssCOMMON 00384
_Ms10Cnt                      bssBANK0     00036
_Ms10flag                     bitbssCOMMON 00385
_OPTION_REGbits               (abs)        00095
_OSCCON                       (abs)        00099
_PMADRH                       (abs)        00192
_PMADRL                       (abs)        00191
_PMCON1bits                   (abs)        00195
_PMCON2                       (abs)        00196
_PMDATH                       (abs)        00194
_PMDATL                       (abs)        00193
_PORTA                        (abs)        0000C
_PORTAbits                    (abs)        0000C
_PORTC                        (abs)        0000E
_PORTCbits                    (abs)        0000E
_PR2                          (abs)        0001B
_PWM1DCH                      (abs)        00612
_PWM1DCL                      (abs)        00611
_PWM2CON                      (abs)        00616
_PWM2DCH                      (abs)        00615
_PWM2DCL                      (abs)        00614
_PWM3DCH                      (abs)        00618
_PWM3DCL                      (abs)        00617
_PWM4DCH                      (abs)        0061B
_PWM4DCL                      (abs)        0061A
_Pcount                       bssBANK0     0002B
_PlowFlg                      bitbssCOMMON 00386
_RcvFlg                       bitbssCOMMON 00387
_ReadDataFromFlash            text13       003D8
_RecvN                        bssBANK0     00037
_S1Cnt                        bssBANK0     00038
_SaveDataToFlash              text6        0038A
_T2CON                        (abs)        0001C
_TMR0                         (abs)        00015
_TRISA                        (abs)        0008C
_TRISC                        (abs)        0008E
_TimeBase                     text1        00132
_TimeFlag                     bitbssCOMMON 00388
_TimingCnt                    bssBANK0     0002D
_TimingNum                    bssBANK0     0002F
_WDTCON                       (abs)        00097
_WPUA                         (abs)        0020C
_WritePwmPercentage           text12       00268
__CFG_BOREN$OFF               (abs)        00000
__CFG_BORV$LO                 (abs)        00000
__CFG_CLKOUTEN$OFF            (abs)        00000
__CFG_CP$OFF                  (abs)        00000
__CFG_FOSC$INTOSC             (abs)        00000
__CFG_LPBOR$OFF               (abs)        00000
__CFG_LVP$OFF                 (abs)        00000
__CFG_MCLRE$ON                (abs)        00000
__CFG_PWRTE$ON                (abs)        00000
__CFG_STVREN$OFF              (abs)        00000
__CFG_WDTE$SWDTEN             (abs)        00000
__CFG_WRT$BOOT                (abs)        00000
__Habs1                       abs1         00000
__Hbank0                      bank0        00000
__Hbank1                      bank1        00000
__Hbank10                     bank10       00000
__Hbank11                     bank11       00000
__Hbank12                     bank12       00000
__Hbank13                     bank13       00000
__Hbank14                     bank14       00000
__Hbank15                     bank15       00000
__Hbank16                     bank16       00000
__Hbank17                     bank17       00000
__Hbank18                     bank18       00000
__Hbank19                     bank19       00000
__Hbank2                      bank2        00000
__Hbank20                     bank20       00000
__Hbank21                     bank21       00000
__Hbank22                     bank22       00000
__Hbank23                     bank23       00000
__Hbank24                     bank24       00000
__Hbank25                     bank25       00000
__Hbank26                     bank26       00000
__Hbank27                     bank27       00000
__Hbank28                     bank28       00000
__Hbank29                     bank29       00000
__Hbank3                      bank3        00000
__Hbank30                     bank30       00000
__Hbank31                     bank31       00000
__Hbank4                      bank4        00000
__Hbank5                      bank5        00000
__Hbank6                      bank6        00000
__Hbank7                      bank7        00000
__Hbank8                      bank8        00000
__Hbank9                      bank9        00000
__Hbigram                     bigram       00000
__HbitbssCOMMON               bitbssCOMMON 00000
__HbssBANK0                   bssBANK0     00000
__HbssCOMMON                  bssCOMMON    00000
__Hcinit                      cinit        00058
__Hclrtext                    clrtext      00000
__Hcode                       code         00000
__Hcommon                     common       00000
__Hconfig                     config       08009
__HcstackBANK0                cstackBANK0  00000
__HcstackCOMMON               cstackCOMMON 00000
__HdataCOMMON                 dataCOMMON   00000
__Heeprom_data                eeprom_data  00000
__Hend_init                   end_init     0004B
__Hfunctab                    functab      00000
__HidataCOMMON                idataCOMMON  00000
__Hidloc                      idloc        00000
__Hinit                       init         0004A
__Hintentry                   intentry     0004A
__Hmaintext                   maintext     00000
__Hpowerup                    powerup      00000
__Hram                        ram          00000
__Hreset_vec                  reset_vec    00001
__Hsfr0                       sfr0         00000
__Hsfr1                       sfr1         00000
__Hsfr10                      sfr10        00000
__Hsfr11                      sfr11        00000
__Hsfr12                      sfr12        00000
__Hsfr13                      sfr13        00000
__Hsfr14                      sfr14        00000
__Hsfr15                      sfr15        00000
__Hsfr16                      sfr16        00000
__Hsfr17                      sfr17        00000
__Hsfr18                      sfr18        00000
__Hsfr19                      sfr19        00000
__Hsfr2                       sfr2         00000
__Hsfr20                      sfr20        00000
__Hsfr21                      sfr21        00000
__Hsfr22                      sfr22        00000
__Hsfr23                      sfr23        00000
__Hsfr24                      sfr24        00000
__Hsfr25                      sfr25        00000
__Hsfr26                      sfr26        00000
__Hsfr27                      sfr27        00000
__Hsfr28                      sfr28        00000
__Hsfr29                      sfr29        00000
__Hsfr3                       sfr3         00000
__Hsfr30                      sfr30        00000
__Hsfr31                      sfr31        00000
__Hsfr4                       sfr4         00000
__Hsfr5                       sfr5         00000
__Hsfr6                       sfr6         00000
__Hsfr7                       sfr7         00000
__Hsfr8                       sfr8         00000
__Hsfr9                       sfr9         00000
__Hstack                      stack        00000
__Hstrings                    strings      00000
__Htext                       text         00000
__Labs1                       abs1         00000
__Lbank0                      bank0        00000
__Lbank1                      bank1        00000
__Lbank10                     bank10       00000
__Lbank11                     bank11       00000
__Lbank12                     bank12       00000
__Lbank13                     bank13       00000
__Lbank14                     bank14       00000
__Lbank15                     bank15       00000
__Lbank16                     bank16       00000
__Lbank17                     bank17       00000
__Lbank18                     bank18       00000
__Lbank19                     bank19       00000
__Lbank2                      bank2        00000
__Lbank20                     bank20       00000
__Lbank21                     bank21       00000
__Lbank22                     bank22       00000
__Lbank23                     bank23       00000
__Lbank24                     bank24       00000
__Lbank25                     bank25       00000
__Lbank26                     bank26       00000
__Lbank27                     bank27       00000
__Lbank28                     bank28       00000
__Lbank29                     bank29       00000
__Lbank3                      bank3        00000
__Lbank30                     bank30       00000
__Lbank31                     bank31       00000
__Lbank4                      bank4        00000
__Lbank5                      bank5        00000
__Lbank6                      bank6        00000
__Lbank7                      bank7        00000
__Lbank8                      bank8        00000
__Lbank9                      bank9        00000
__Lbigram                     bigram       00000
__LbitbssCOMMON               bitbssCOMMON 00000
__LbssBANK0                   bssBANK0     00000
__LbssCOMMON                  bssCOMMON    00000
__Lcinit                      cinit        0004B
__Lclrtext                    clrtext      00000
__Lcode                       code         00000
__Lcommon                     common       00000
__Lconfig                     config       08007
__LcstackBANK0                cstackBANK0  00000
__LcstackCOMMON               cstackCOMMON 00000
__LdataCOMMON                 dataCOMMON   00000
__Leeprom_data                eeprom_data  00000
__Lend_init                   end_init     0004A
__Lfunctab                    functab      00000
__LidataCOMMON                idataCOMMON  00000
__Lidloc                      idloc        00000
__Linit                       init         0004A
__Lintentry                   intentry     00004
__Lmaintext                   maintext     00000
__Lpowerup                    powerup      00000
__Lram                        ram          00000
__Lreset_vec                  reset_vec    00000
__Lsfr0                       sfr0         00000
__Lsfr1                       sfr1         00000
__Lsfr10                      sfr10        00000
__Lsfr11                      sfr11        00000
__Lsfr12                      sfr12        00000
__Lsfr13                      sfr13        00000
__Lsfr14                      sfr14        00000
__Lsfr15                      sfr15        00000
__Lsfr16                      sfr16        00000
__Lsfr17                      sfr17        00000
__Lsfr18                      sfr18        00000
__Lsfr19                      sfr19        00000
__Lsfr2                       sfr2         00000
__Lsfr20                      sfr20        00000
__Lsfr21                      sfr21        00000
__Lsfr22                      sfr22        00000
__Lsfr23                      sfr23        00000
__Lsfr24                      sfr24        00000
__Lsfr25                      sfr25        00000
__Lsfr26                      sfr26        00000
__Lsfr27                      sfr27        00000
__Lsfr28                      sfr28        00000
__Lsfr29                      sfr29        00000
__Lsfr3                       sfr3         00000
__Lsfr30                      sfr30        00000
__Lsfr31                      sfr31        00000
__Lsfr4                       sfr4         00000
__Lsfr5                       sfr5         00000
__Lsfr6                       sfr6         00000
__Lsfr7                       sfr7         00000
__Lsfr8                       sfr8         00000
__Lsfr9                       sfr9         00000
__Lstack                      stack        00000
__Lstrings                    strings      00000
__Ltext                       text         00000
__S0                          (abs)        08009
__S1                          (abs)        0007A
__S2                          (abs)        00000
___awdiv                      text2        002E4
___awdiv@counter              cstackBANK0  00044
___awdiv@dividend             cstackBANK0  00041
___awdiv@divisor              cstackBANK0  0003F
___awdiv@quotient             cstackBANK0  00046
___awdiv@sign                 cstackBANK0  00045
___int_sp                     stack        00000
___latbits                    (abs)        00000
___sp                         stack        00000
___wmul                       text5        004CB
___wmul@multiplicand          cstackBANK0  0003D
___wmul@multiplier            cstackBANK0  0003B
___wmul@product               cstackCOMMON 00076
__end_of_BzSet                text9        0053E
__end_of_CheckIr              text16       00519
__end_of_Delay                text15       0048E
__end_of_GetIrAN              text3        004CB
__end_of_ISR                  intentry     0004A
__end_of_InitPowerOn          text11       00502
__end_of_Initialize           text10       00464
__end_of_IrDeal               text4        00132
__end_of_IrRcv                text18       00268
__end_of_ReadDataFromFlash    text13       0040C
__end_of_SaveDataToFlash      text6        003D8
__end_of_TimeBase             text1        001E4
__end_of_WritePwmPercentage   text12       002E4
__end_of___awdiv              text2        00338
__end_of___wmul               text5        004E9
__end_of__initialization      cinit        00056
__end_of_flash_memory_erase   text8        0043A
__end_of_flash_memory_read    text14       004AD
__end_of_flash_memory_write   text7        0038A
__end_of_main                 maintext     0052D
__initialization              cinit        0004B
__pbitbssCOMMON               bitbssCOMMON 00380
__pbssBANK0                   bssBANK0     00020
__pbssCOMMON                  bssCOMMON    00078
__pcstackBANK0                cstackBANK0  0003B
__pcstackCOMMON               cstackCOMMON 00072
__pdataCOMMON                 dataCOMMON   00079
__pidataCOMMON                idataCOMMON  00544
__pintentry                   intentry     00004
__pmaintext                   maintext     00519
__ptext1                      text1        00132
__ptext10                     text10       0043A
__ptext11                     text11       004E9
__ptext12                     text12       00268
__ptext13                     text13       003D8
__ptext14                     text14       0048E
__ptext15                     text15       00464
__ptext16                     text16       00502
__ptext18                     text18       001E4
__ptext2                      text2        002E4
__ptext3                      text3        004AD
__ptext4                      text4        00058
__ptext5                      text5        004CB
__ptext6                      text6        0038A
__ptext7                      text7        00338
__ptext8                      text8        0040C
__ptext9                      text9        0052D
__size_of_BzSet               (abs)        00000
__size_of_CheckIr             (abs)        00000
__size_of_Delay               (abs)        00000
__size_of_GetIrAN             (abs)        00000
__size_of_ISR                 (abs)        00000
__size_of_InitPowerOn         (abs)        00000
__size_of_Initialize          (abs)        00000
__size_of_IrDeal              (abs)        00000
__size_of_IrRcv               (abs)        00000
__size_of_ReadDataFromFlash   (abs)        00000
__size_of_SaveDataToFlash     (abs)        00000
__size_of_TimeBase            (abs)        00000
__size_of_WritePwmPercentage  (abs)        00000
__size_of___awdiv             (abs)        00000
__size_of___wmul              (abs)        00000
__size_of_flash_memory_erase  (abs)        00000
__size_of_flash_memory_read   (abs)        00000
__size_of_flash_memory_write  (abs)        00000
__size_of_main                (abs)        00000
_flash_memory_erase           text8        0040C
_flash_memory_read            text14       0048E
_flash_memory_write           text7        00338
_main                         maintext     00519
btemp                         (abs)        0007E
clear_ram0                    clrtext      0053E
end_of_initialization         cinit        00056
flash_memory_erase@AddrBuf    cstackBANK0  0003C
flash_memory_erase@Page       cstackBANK0  0003B
flash_memory_read@AddrBuf     cstackBANK0  0003C
flash_memory_read@address     cstackBANK0  0003B
flash_memory_write@AddrBuf    cstackBANK0  0003F
flash_memory_write@address    cstackBANK0  0003D
flash_memory_write@data       cstackCOMMON 00076
flash_memory_write@datalen    cstackCOMMON 00077
flash_memory_write@wdi        cstackBANK0  0003E
intlevel0                     functab      00000
intlevel1                     functab      00000
intlevel2                     functab      00000
intlevel3                     functab      00000
intlevel4                     functab      00000
intlevel5                     functab      00000
ltemp                         (abs)        0007E
ltemp0                        (abs)        0007E
ltemp1                        (abs)        00082
ltemp2                        (abs)        00086
ltemp3                        (abs)        00080
reset_vec                     reset_vec    00000
stackhi                       (abs)        0206F
stacklo                       (abs)        0202D
start                         init         0004A
start_initialization          cinit        0004B
ttemp                         (abs)        0007E
ttemp0                        (abs)        0007E
ttemp1                        (abs)        00081
ttemp2                        (abs)        00084
ttemp3                        (abs)        00087
ttemp4                        (abs)        0007F
wtemp                         (abs)        0007E
wtemp0                        (abs)        0007E
wtemp1                        (abs)        00080
wtemp2                        (abs)        00082
wtemp3                        (abs)        00084
wtemp4                        (abs)        00086
wtemp5                        (abs)        00088
wtemp6                        (abs)        0007F


FUNCTION INFORMATION:

 *************** function _main *****************
 Defined at:
		line 61 in file "sur/Main.c"
 Parameters:    Size  Location     Type
		None
 Auto vars:     Size  Location     Type
		None
 Return value:  Size  Location     Type
		None               void
 Registers used:
		wreg, fsr0l, fsr0h, fsr1l, fsr1h, fsr1l, fsr1h, status,2, status,0, btemp+1, pclath, cstack
 Tracked objects:
		On entry : 
		On exit  : 
		Unchanged: 
 Data sizes:     COMMON   BANK0   BANK1
      Params:         0       0       0
      Locals:         0       0       0
      Temps:          0       0       0
      Totals:         0       0       0
Total ram usage:        0 bytes
 Hardware stack levels required when called:    5
 This function calls:
		_CheckIr
		_Delay
		_InitPowerOn
		_Initialize
		_IrDeal
		_TimeBase
 This function is called by:
		Startup code after reset
 This function uses a non-reentrant model


 *************** function _TimeBase *****************
 Defined at:
		line 274 in file "sur/Main.c"
 Parameters:    Size  Location     Type
		None
 Auto vars:     Size  Location     Type
		None
 Return value:  Size  Location     Type
		None               void
 Registers used:
		wreg, fsr1l, fsr1h, status,2, status,0, pclath, cstack
 Tracked objects:
		On entry : 
		On exit  : 
		Unchanged: 
 Data sizes:     COMMON   BANK0   BANK1
      Params:         0       0       0
      Locals:         0       0       0
      Temps:          0       5       0
      Totals:         0       5       0
Total ram usage:        5 bytes
 Hardware stack levels used:    1
 Hardware stack levels required when called:    4
 This function calls:
		_GetIrAN
		_SaveDataToFlash
		_WritePwmPercentage
		___awdiv
		___wmul
 This function is called by:
		_main
 This function uses a non-reentrant model


 *************** function ___awdiv *****************
 Defined at:
		line 6 in file "C:\Program Files\Microchip\xc8\v1.30\sources\common\awdiv.c"
 Parameters:    Size  Location     Type
  divisor         2    4[BANK0 ] int 
  dividend        2    6[BANK0 ] int 
 Auto vars:     Size  Location     Type
  quotient        2   11[BANK0 ] int 
  sign            1   10[BANK0 ] unsigned char 
  counter         1    9[BANK0 ] unsigned char 
 Return value:  Size  Location     Type
                  2    4[BANK0 ] int 
 Registers used:
		wreg, status,2, status,0
 Tracked objects:
		On entry : 
		On exit  : 
		Unchanged: 
 Data sizes:     COMMON   BANK0   BANK1
      Params:         0       4       0
      Locals:         0       4       0
      Temps:          0       1       0
      Totals:         0       9       0
Total ram usage:        9 bytes
 Hardware stack levels used:    1
 Hardware stack levels required when called:    2
 This function calls:
		Nothing
 This function is called by:
		_TimeBase
 This function uses a non-reentrant model


 *************** function _GetIrAN *****************
 Defined at:
		line 90 in file "sur/Main.c"
 Parameters:    Size  Location     Type
		None
 Auto vars:     Size  Location     Type
  AN              1    5[COMMON] unsigned char 
 Return value:  Size  Location     Type
                  1    wreg      unsigned char 
 Registers used:
		wreg, status,2, status,0
 Tracked objects:
		On entry : 
		On exit  : 
		Unchanged: 
 Data sizes:     COMMON   BANK0   BANK1
      Params:         0       0       0
      Locals:         1       0       0
      Temps:          1       0       0
      Totals:         2       0       0
Total ram usage:        2 bytes
 Hardware stack levels used:    1
 Hardware stack levels required when called:    2
 This function calls:
		Nothing
 This function is called by:
		_TimeBase
 This function uses a non-reentrant model


 *************** function _IrDeal *****************
 Defined at:
		line 161 in file "sur/Main.c"
 Parameters:    Size  Location     Type
		None
 Auto vars:     Size  Location     Type
		None
 Return value:  Size  Location     Type
		None               void
 Registers used:
		wreg, fsr0l, fsr0h, fsr1l, fsr1h, status,2, status,0, pclath, cstack
 Tracked objects:
		On entry : 
		On exit  : 
		Unchanged: 
 Data sizes:     COMMON   BANK0   BANK1
      Params:         0       0       0
      Locals:         0       0       0
      Temps:          0       2       0
      Totals:         0       2       0
Total ram usage:        2 bytes
 Hardware stack levels used:    1
 Hardware stack levels required when called:    4
 This function calls:
		_BzSet
		_ReadDataFromFlash
		_SaveDataToFlash
		_WritePwmPercentage
		___wmul
 This function is called by:
		_main
 This function uses a non-reentrant model


 *************** function ___wmul *****************
 Defined at:
		line 4 in file "C:\Program Files\Microchip\xc8\v1.30\sources\common\wmul.c"
 Parameters:    Size  Location     Type
  multiplier      2    0[BANK0 ] unsigned int 
  multiplicand    2    2[BANK0 ] unsigned int 
 Auto vars:     Size  Location     Type
  product         2    4[COMMON] unsigned int 
 Return value:  Size  Location     Type
                  2    0[BANK0 ] unsigned int 
 Registers used:
		wreg, status,2, status,0
 Tracked objects:
		On entry : 
		On exit  : 
		Unchanged: 
 Data sizes:     COMMON   BANK0   BANK1
      Params:         0       4       0
      Locals:         2       0       0
      Temps:          0       0       0
      Totals:         2       4       0
Total ram usage:        6 bytes
 Hardware stack levels used:    1
 Hardware stack levels required when called:    2
 This function calls:
		Nothing
 This function is called by:
		_InitPowerOn
		_IrDeal
		_TimeBase
 This function uses a non-reentrant model


 *************** function _SaveDataToFlash *****************
 Defined at:
		line 109 in file "sur/Main.c"
 Parameters:    Size  Location     Type
		None
 Auto vars:     Size  Location     Type
  AddrTemp        1    8[BANK0 ] unsigned char 
 Return value:  Size  Location     Type
		None               void
 Registers used:
		wreg, fsr1l, fsr1h, status,2, status,0, pclath, cstack
 Tracked objects:
		On entry : 
		On exit  : 
		Unchanged: 
 Data sizes:     COMMON   BANK0   BANK1
      Params:         0       0       0
      Locals:         0       1       0
      Temps:          0       2       0
      Totals:         0       3       0
Total ram usage:        3 bytes
 Hardware stack levels used:    1
 Hardware stack levels required when called:    3
 This function calls:
		_flash_memory_erase
		_flash_memory_read
		_flash_memory_write
 This function is called by:
		_IrDeal
		_TimeBase
 This function uses a non-reentrant model


 *************** function _flash_memory_write *****************
 Defined at:
		line 75 in file "sur/flash_routines.c"
 Parameters:    Size  Location     Type
  address         1    wreg     unsigned char 
  data            1    4[COMMON] PTR unsigned char 
		 -> Addr(2), SaveDataToFlash@AddrTemp(1), 
  datalen         1    5[COMMON] unsigned char 
 Auto vars:     Size  Location     Type
  address         1    2[BANK0 ] unsigned char 
  AddrBuf         2    4[BANK0 ] unsigned int 
  wdi             1    3[BANK0 ] unsigned char 
 Return value:  Size  Location     Type
		None               void
 Registers used:
		wreg, fsr1l, fsr1h, status,2, status,0
 Tracked objects:
		On entry : 
		On exit  : 
		Unchanged: 
 Data sizes:     COMMON   BANK0   BANK1
      Params:         2       0       0
      Locals:         0       4       0
      Temps:          0       2       0
      Totals:         2       6       0
Total ram usage:        8 bytes
 Hardware stack levels used:    1
 Hardware stack levels required when called:    2
 This function calls:
		Nothing
 This function is called by:
		_SaveDataToFlash
 This function uses a non-reentrant model


 *************** function _flash_memory_erase *****************
 Defined at:
		line 136 in file "sur/flash_routines.c"
 Parameters:    Size  Location     Type
  Page            1    wreg     unsigned char 
 Auto vars:     Size  Location     Type
  Page            1    0[BANK0 ] unsigned char 
  AddrBuf         2    1[BANK0 ] unsigned int 
 Return value:  Size  Location     Type
		None               void
 Registers used:
		wreg, status,2
 Tracked objects:
		On entry : 
		On exit  : 
		Unchanged: 
 Data sizes:     COMMON   BANK0   BANK1
      Params:         0       0       0
      Locals:         0       3       0
      Temps:          2       0       0
      Totals:         2       3       0
Total ram usage:        5 bytes
 Hardware stack levels used:    1
 Hardware stack levels required when called:    2
 This function calls:
		Nothing
 This function is called by:
		_SaveDataToFlash
 This function uses a non-reentrant model


 *************** function _BzSet *****************
 Defined at:
		line 361 in file "sur/Main.c"
 Parameters:    Size  Location     Type
  Times           1    wreg     unsigned char 
  Long            2    4[COMMON] unsigned int 
 Auto vars:     Size  Location     Type
  Times           1    1[BANK0 ] unsigned char 
 Return value:  Size  Location     Type
		None               void
 Registers used:
		wreg, status,2, status,0
 Tracked objects:
		On entry : 
		On exit  : 
		Unchanged: 
 Data sizes:     COMMON   BANK0   BANK1
      Params:         2       0       0
      Locals:         0       1       0
      Temps:          0       1       0
      Totals:         2       2       0
Total ram usage:        4 bytes
 Hardware stack levels used:    1
 Hardware stack levels required when called:    2
 This function calls:
		Nothing
 This function is called by:
		_IrDeal
 This function uses a non-reentrant model


 *************** function _Initialize *****************
 Defined at:
		line 327 in file "sur/Main.c"
 Parameters:    Size  Location     Type
		None
 Auto vars:     Size  Location     Type
		None
 Return value:  Size  Location     Type
		None               void
 Registers used:
		wreg, status,2, status,0
 Tracked objects:
		On entry : 
		On exit  : 
		Unchanged: 
 Data sizes:     COMMON   BANK0   BANK1
      Params:         0       0       0
      Locals:         0       0       0
      Temps:          0       0       0
      Totals:         0       0       0
Total ram usage:        0 bytes
 Hardware stack levels used:    1
 Hardware stack levels required when called:    2
 This function calls:
		Nothing
 This function is called by:
		_main
 This function uses a non-reentrant model


 *************** function _InitPowerOn *****************
 Defined at:
		line 83 in file "sur/Main.c"
 Parameters:    Size  Location     Type
		None
 Auto vars:     Size  Location     Type
		None
 Return value:  Size  Location     Type
		None               void
 Registers used:
		wreg, status,2, status,0, pclath, cstack
 Tracked objects:
		On entry : 
		On exit  : 
		Unchanged: 
 Data sizes:     COMMON   BANK0   BANK1
      Params:         0       0       0
      Locals:         0       0       0
      Temps:          0       2       0
      Totals:         0       2       0
Total ram usage:        2 bytes
 Hardware stack levels used:    1
 Hardware stack levels required when called:    4
 This function calls:
		_ReadDataFromFlash
		_WritePwmPercentage
		___wmul
 This function is called by:
		_main
 This function uses a non-reentrant model


 *************** function _WritePwmPercentage *****************
 Defined at:
		line 4 in file "sur/Pwm.c"
 Parameters:    Size  Location     Type
  AN              1    wreg     unsigned char 
  Percentage      2    4[BANK0 ] unsigned int 
 Auto vars:     Size  Location     Type
  AN              1    8[BANK0 ] unsigned char 
 Return value:  Size  Location     Type
		None               void
 Registers used:
		wreg, status,2, status,0
 Tracked objects:
		On entry : 
		On exit  : 
		Unchanged: 
 Data sizes:     COMMON   BANK0   BANK1
      Params:         0       2       0
      Locals:         0       1       0
      Temps:          0       2       0
      Totals:         0       5       0
Total ram usage:        5 bytes
 Hardware stack levels used:    1
 Hardware stack levels required when called:    2
 This function calls:
		Nothing
 This function is called by:
		_InitPowerOn
		_IrDeal
		_TimeBase
 This function uses a non-reentrant model


 *************** function _ReadDataFromFlash *****************
 Defined at:
		line 133 in file "sur/Main.c"
 Parameters:    Size  Location     Type
		None
 Auto vars:     Size  Location     Type
  AddrTemp        1    4[BANK0 ] unsigned char 
 Return value:  Size  Location     Type
		None               void
 Registers used:
		wreg, status,2, status,0, pclath, cstack
 Tracked objects:
		On entry : 
		On exit  : 
		Unchanged: 
 Data sizes:     COMMON   BANK0   BANK1
      Params:         0       0       0
      Locals:         0       1       0
      Temps:          0       1       0
      Totals:         0       2       0
Total ram usage:        2 bytes
 Hardware stack levels used:    1
 Hardware stack levels required when called:    3
 This function calls:
		_flash_memory_read
 This function is called by:
		_InitPowerOn
		_IrDeal
 This function uses a non-reentrant model


 *************** function _flash_memory_read *****************
 Defined at:
		line 46 in file "sur/flash_routines.c"
 Parameters:    Size  Location     Type
  address         1    wreg     unsigned char 
 Auto vars:     Size  Location     Type
  address         1    0[BANK0 ] unsigned char 
  AddrBuf         2    1[BANK0 ] unsigned int 
 Return value:  Size  Location     Type
                  1    wreg      unsigned char 
 Registers used:
		wreg, status,2
 Tracked objects:
		On entry : 
		On exit  : 
		Unchanged: 
 Data sizes:     COMMON   BANK0   BANK1
      Params:         0       0       0
      Locals:         0       3       0
      Temps:          2       0       0
      Totals:         2       3       0
Total ram usage:        5 bytes
 Hardware stack levels used:    1
 Hardware stack levels required when called:    2
 This function calls:
		Nothing
 This function is called by:
		_SaveDataToFlash
		_ReadDataFromFlash
 This function uses a non-reentrant model


 *************** function _Delay *****************
 Defined at:
		line 77 in file "sur/Main.c"
 Parameters:    Size  Location     Type
  Time            4    0[BANK0 ] unsigned long 
 Auto vars:     Size  Location     Type
		None
 Return value:  Size  Location     Type
		None               void
 Registers used:
		wreg
 Tracked objects:
		On entry : 
		On exit  : 
		Unchanged: 
 Data sizes:     COMMON   BANK0   BANK1
      Params:         0       4       0
      Locals:         0       0       0
      Temps:          0       4       0
      Totals:         0       8       0
Total ram usage:        8 bytes
 Hardware stack levels used:    1
 Hardware stack levels required when called:    2
 This function calls:
		Nothing
 This function is called by:
		_main
 This function uses a non-reentrant model


 *************** function _CheckIr *****************
 Defined at:
		line 7 in file "sur/IrReceive.c"
 Parameters:    Size  Location     Type
		None
 Auto vars:     Size  Location     Type
		None
 Return value:  Size  Location     Type
                  1    wreg      unsigned char 
 Registers used:
		wreg
 Tracked objects:
		On entry : 
		On exit  : 
		Unchanged: 
 Data sizes:     COMMON   BANK0   BANK1
      Params:         0       0       0
      Locals:         0       0       0
      Temps:          2       0       0
      Totals:         2       0       0
Total ram usage:        2 bytes
 Hardware stack levels used:    1
 Hardware stack levels required when called:    2
 This function calls:
		Nothing
 This function is called by:
		_main
 This function uses a non-reentrant model


 *************** function _ISR *****************
 Defined at:
		line 374 in file "sur/Main.c"
 Parameters:    Size  Location     Type
		None
 Auto vars:     Size  Location     Type
		None
 Return value:  Size  Location     Type
		None               void
 Registers used:
		wreg, status,2, status,0, pclath, cstack
 Tracked objects:
		On entry : 
		On exit  : 
		Unchanged: 
 Data sizes:     COMMON   BANK0   BANK1
      Params:         0       0       0
      Locals:         0       0       0
      Temps:          3       0       0
      Totals:         3       0       0
Total ram usage:        3 bytes
 Hardware stack levels used:    1
 Hardware stack levels required when called:    1
 This function calls:
		_IrRcv
 This function is called by:
		Interrupt level 1
 This function uses a non-reentrant model


 *************** function _IrRcv *****************
 Defined at:
		line 22 in file "sur/IrReceive.c"
 Parameters:    Size  Location     Type
		None
 Auto vars:     Size  Location     Type
		None
 Return value:  Size  Location     Type
		None               void
 Registers used:
		wreg, status,2, status,0
 Tracked objects:
		On entry : 
		On exit  : 
		Unchanged: 
 Data sizes:     COMMON   BANK0   BANK1
      Params:         0       0       0
      Locals:         0       0       0
      Temps:          1       0       0
      Totals:         1       0       0
Total ram usage:        1 bytes
 Hardware stack levels used:    1
 This function calls:
		Nothing
 This function is called by:
		_ISR
 This function uses a non-reentrant model



MODULE INFORMATION

Module		Function		Class		Link	Load	Size
sur/Pwm.c
		_WritePwmPercen		CODE           	0268	0000	124

sur/Pwm.c estimated size: 124

C:\Program Files\Microchip\xc8\v1.30\sources\common\wmul.c
		___wmul        		CODE           	04CB	0000	30

C:\Program Files\Microchip\xc8\v1.30\sources\common\wmul.c estimated size: 30

shared
		__initializatio		CODE           	004B	0000	11

shared estimated size: 11

sur/Main.c
		_ReadDataFromFl		CODE           	03D8	0000	52
		_ISR           		CODE           	0004	0000	70
		_SaveDataToFlas		CODE           	038A	0000	78
		_main          		CODE           	0519	0000	20
		_TimeBase      		CODE           	0132	0000	178
		_Initialize    		CODE           	043A	0000	42
		_InitPowerOn   		CODE           	04E9	0000	25
		_BzSet         		CODE           	052D	0000	17
		_IrDeal        		CODE           	0058	0000	218
		_Delay         		CODE           	0464	0000	42
		_GetIrAN       		CODE           	04AD	0000	30

sur/Main.c estimated size: 772

sur/flash_routines.c
		_flash_memory_r		CODE           	048E	0000	31
		_flash_memory_e		CODE           	040C	0000	46
		_flash_memory_w		CODE           	0338	0000	82

sur/flash_routines.c estimated size: 159

sur/IrReceive.c
		_IrRcv         		CODE           	01E4	0000	132
		_CheckIr       		CODE           	0502	0000	23

sur/IrReceive.c estimated size: 155

C:\Program Files\Microchip\xc8\v1.30\sources\common\awdiv.c
		___awdiv       		CODE           	02E4	0000	84

C:\Program Files\Microchip\xc8\v1.30\sources\common\awdiv.c estimated size: 84

