Microchip MPLAB XC8 Compiler V1.30 ()

Linker command line:

--edf=C:\Program Files\Microchip\xc8\v1.30\dat\en_msgs.txt -cs \
  -h+dist/default/production\ceiling_lamp_OHM_lux.X.production.sym \
  --cmf=dist/default/production\ceiling_lamp_OHM_lux.X.production.cmf -z \
  -Q12F1501 -oC:\DOCUME~1\THY260~1.YAM\LOCALS~1\Temp\s790.6 \
  -Mdist/default/production/ceiling_lamp_OHM_lux.X.production.map -E1 \
  -ver=XC8 -ASTACK=02023h-0202fh -pstack=STACK -ACONST=00h-0FFhx4 \
  -ACODE=00h-03FFh -ASTRCODE=00h-03FFh -AENTRY=00h-0FFhx4 \
  -ASTRING=00h-0FFhx4 -ACOMMON=070h-07Fh -ABANK0=020h-04Fh \
  -ABIGRAM=02000h-0202Fh,02050h-0205Fh -ARAM=020h-04Fh \
  -AABS1=020h-04Fh,070h-07Fh -ASFR0=00h-01Fh -ASFR1=080h-0EFh \
  -ASFR2=0100h-016Fh -ASFR3=0180h-01EFh -ASFR4=0200h-026Fh \
  -ASFR5=0280h-02EFh -ASFR6=0300h-036Fh -ASFR7=0380h-03EFh \
  -ASFR8=0400h-046Fh -ASFR9=0480h-04EFh -ASFR10=0500h-056Fh \
  -ASFR11=0580h-05EFh -ASFR12=0600h-066Fh -ASFR13=0680h-06EFh \
  -ASFR14=0700h-076Fh -ASFR15=0780h-07EFh -ASFR16=0800h-086Fh \
  -ASFR17=0880h-08EFh -ASFR18=0900h-096Fh -ASFR19=0980h-09EFh \
  -ASFR20=0A00h-0A6Fh -ASFR21=0A80h-0AEFh -ASFR22=0B00h-0B6Fh \
  -ASFR23=0B80h-0BEFh -ASFR24=0C00h-0C6Fh -ASFR25=0C80h-0CEFh \
  -ASFR26=0D00h-0D6Fh -ASFR27=0D80h-0DEFh -ASFR28=0E00h-0E6Fh \
  -ASFR29=0E80h-0EEFh -ASFR30=0F00h-0F6Fh -ASFR31=0F80h-0FEFh \
  -preset_vec=00h,intentry=04h,init,end_init -ppowerup=CODE -pcinit=CODE \
  -pfunctab=CODE -ACONFIG=08007h-08008h -pconfig=CONFIG -DCONFIG=2 \
  -AIDLOC=08000h-08003h -pidloc=IDLOC -DIDLOC=2 -DCODE=2 -DSTRCODE=2 \
  -DSTRING=2 -DCONST=2 -DENTRY=2 -k \
  C:\DOCUME~1\THY260~1.YAM\LOCALS~1\Temp\s790.obj \
  dist/default/production\ceiling_lamp_OHM_lux.X.production.obj 

Object code version is 3.11

Machine type is 12F1501



                Name                               Link     Load   Length Selector   Space Scale
C:\DOCUME~1\THY260~1.YAM\LOCALS~1\Temp\s790.obj
                end_init                             4A       4A        1        8       0
                reset_vec                             0        0        1        0       0
                config                             8007     8007        2    1000E       0
dist/default/production\ceiling_lamp_OHM_lux.X.production.obj
                cinit                                4B       4B        C        8       0
                intentry                              4        4       46        8       0
                text15                              130      130       84        8       0
                text13                              3AF      3AF       17        8       0
                text12                              312      312       22        8       0
                text11                              3D9      3D9       11        8       0
                text10                              354      354       1F        8       0
                text9                               3C6      3C6       13        8       0
                text8                               2E4      2E4       2E        8       0
                text7                               230      230       52        8       0
                text6                               282      282       33        8       0
                text5                               1B4      1B4       7C        8       0
                text4                               391      391       1E        8       0
                text3                                57       57       D9        8       0
                text2                               373      373       1E        8       0
                text1                               2B5      2B5       2F        8       0
                maintext                            334      334       20        8       0
                cstackBANK0                          34       34        D       20       1
                cstackCOMMON                         70       70        6       70       1
                clrtext                             3EA      3EA        6        8       0
                bssBANK0                             20       20       14       20       1
                bssCOMMON                            77       77        3       70       1
                bitbssCOMMON                        3B0       76        5       70       1     8
                nvBANK0                              41       41        2       20       1

TOTAL           Name                               Link     Load   Length     Space
        CLASS   STACK          

        CLASS   CONST          

        CLASS   CODE           
                end_init                             4A       4A        1         0
                cinit                                4B       4B        C         0
                intentry                              4        4       46         0
                reset_vec                             0        0        1         0
                text15                              130      130       84         0
                text13                              3AF      3AF       17         0
                text12                              312      312       22         0
                text11                              3D9      3D9       11         0
                text10                              354      354       1F         0
                text9                               3C6      3C6       13         0
                text8                               2E4      2E4       2E         0
                text7                               230      230       52         0
                text6                               282      282       33         0
                text5                               1B4      1B4       7C         0
                text4                               391      391       1E         0
                text3                                57       57       D9         0
                text2                               373      373       1E         0
                text1                               2B5      2B5       2F         0
                maintext                            334      334       20         0
                clrtext                             3EA      3EA        6         0

        CLASS   STRCODE        

        CLASS   ENTRY          

        CLASS   STRING         

        CLASS   COMMON         
                cstackCOMMON                         70       70        6         1
                bssCOMMON                            77       77        3         1
                bitbssCOMMON                        3B0       76        5         1

        CLASS   BANK0          
                cstackBANK0                          34       34        D         1
                bssBANK0                             20       20       14         1
                nvBANK0                              41       41        2         1

        CLASS   BIGRAM         

        CLASS   RAM            

        CLASS   ABS1           
                abs_s1                               7E       7E        2         1

        CLASS   SFR0           

        CLASS   SFR1           

        CLASS   SFR2           

        CLASS   SFR3           

        CLASS   SFR4           

        CLASS   SFR5           

        CLASS   SFR6           

        CLASS   SFR7           

        CLASS   SFR8           

        CLASS   SFR9           

        CLASS   SFR10          

        CLASS   SFR11          

        CLASS   SFR12          

        CLASS   SFR13          

        CLASS   SFR14          

        CLASS   SFR15          

        CLASS   SFR16          

        CLASS   SFR17          

        CLASS   SFR18          

        CLASS   SFR19          

        CLASS   SFR20          

        CLASS   SFR21          

        CLASS   SFR22          

        CLASS   SFR23          

        CLASS   SFR24          

        CLASS   SFR25          

        CLASS   SFR26          

        CLASS   SFR27          

        CLASS   SFR28          

        CLASS   SFR29          

        CLASS   SFR30          

        CLASS   SFR31          

        CLASS   CONFIG         
                config                             8007     8007        2         0

        CLASS   IDLOC          

        CLASS   BANK31         

        CLASS   BANK30         

        CLASS   BANK29         

        CLASS   BANK28         

        CLASS   BANK27         

        CLASS   BANK26         

        CLASS   BANK25         

        CLASS   BANK24         

        CLASS   BANK23         

        CLASS   BANK22         

        CLASS   BANK21         

        CLASS   BANK20         

        CLASS   BANK19         

        CLASS   BANK18         

        CLASS   BANK17         

        CLASS   BANK16         

        CLASS   BANK15         

        CLASS   BANK14         

        CLASS   BANK13         

        CLASS   BANK12         

        CLASS   BANK11         

        CLASS   BANK10         

        CLASS   BANK9          

        CLASS   BANK8          

        CLASS   BANK7          

        CLASS   BANK6          

        CLASS   BANK5          

        CLASS   BANK4          

        CLASS   BANK3          

        CLASS   BANK2          

        CLASS   BANK1          

        CLASS   EEDATA         



SEGMENTS        Name                           Load    Length   Top    Selector   Space  Class     Delta

                reset_vec                      000000  000001  000001         0       0  CODE        2
                intentry                       000004  0003EC  0003F0         8       0  CODE        2
                bssBANK0                       000020  000023  000043        20       1  BANK0       1
                cstackCOMMON                   000070  00000A  00007A        70       1  COMMON      1
                config                         008007  000002  008009     1000E       0  CONFIG      2


UNUSED ADDRESS RANGES

        Name                Unused          Largest block    Delta
        BANK0            00043-0004F               D           1
        BIGRAM           02000-0202F              30           1
                         02050-0205F              10
        CODE             00001-00003               3           2
                         003F0-003FF              10
        COMMON           0007A-0007D               4           1
        CONST            00001-00003               3           2
                         003F0-003FF              10
        ENTRY            00001-00003               3           2
                         003F0-003FF              10
        IDLOC            08000-08003               4           2
        RAM              00043-0004F               D           1
        SFR0             00000-0001F              20           1
        SFR1             00080-000EF              70           1
        SFR10            00500-0056F              70           1
        SFR11            00580-005EF              70           1
        SFR12            00600-0066F              70           1
        SFR13            00680-006EF              70           1
        SFR14            00700-0076F              70           1
        SFR15            00780-007EF              70           1
        SFR16            00800-0086F              70           1
        SFR17            00880-008EF              70           1
        SFR18            00900-0096F              70           1
        SFR19            00980-009EF              70           1
        SFR2             00100-0016F              70           1
        SFR20            00A00-00A6F              70           1
        SFR21            00A80-00AEF              70           1
        SFR22            00B00-00B6F              70           1
        SFR23            00B80-00BEF              70           1
        SFR24            00C00-00C6F              70           1
        SFR25            00C80-00CEF              70           1
        SFR26            00D00-00D6F              70           1
        SFR27            00D80-00DEF              70           1
        SFR28            00E00-00E6F              70           1
        SFR29            00E80-00EEF              70           1
        SFR3             00180-001EF              70           1
        SFR30            00F00-00F6F              70           1
        SFR31            00F80-00FEF              70           1
        SFR4             00200-0026F              70           1
        SFR5             00280-002EF              70           1
        SFR6             00300-0036F              70           1
        SFR7             00380-003EF              70           1
        SFR8             00400-0046F              70           1
        SFR9             00480-004EF              70           1
        STACK            02023-0202F               D           1
        STRCODE          00001-00003               3           2
                         003F0-003FF              10
        STRING           00001-00003               3           2
                         003F0-003FF              10

                                  Symbol Table

?___wmul                      cstackBANK0  00034
BzSet@Long                    cstackCOMMON 00074
BzSet@Times                   cstackBANK0  00035
GetIrAN@AN                    cstackCOMMON 00075
GetIrAN@cnt1                  bssBANK0     0002F
GetIrAN@cnt2                  bssBANK0     00030
IrDeal@Night                  bitbssCOMMON 003B0
ReadDataFromFlash@AddrTemp    cstackBANK0  00038
SaveDataToFlash@AddrTemp      cstackBANK0  0003B
WritePwmPercentage@AN         cstackBANK0  0003C
WritePwmPercentage@Percentage cstackBANK0  00038
_ANSELA                       (abs)        0018C
_Bz                           bssBANK0     00020
_BzSet                        text11       003D9
_CheckIr                      text13       003AF
_DimmingNum                   nvBANK0      00042
_DimmingNumBackup             nvBANK0      00041
_GetIrAN                      text2        00373
_INTCONbits                   (abs)        0000B
_ISR                          intentry     00004
_Initialize                   text12       00312
_IrAn                         bssBANK0     00031
_IrData                       bssBANK0     00027
_IrDeal                       text3        00057
_IrRcv                        text15       00130
_LeadFlg                      bitbssCOMMON 003B1
_Ms10Cnt                      bssBANK0     00032
_Ms10flag                     bitbssCOMMON 003B2
_OPTION_REGbits               (abs)        00095
_OSCCON                       (abs)        00099
_PMADRH                       (abs)        00192
_PMADRL                       (abs)        00191
_PMCON1bits                   (abs)        00195
_PMCON2                       (abs)        00196
_PMDATH                       (abs)        00194
_PMDATL                       (abs)        00193
_PORTA                        (abs)        0000C
_PORTAbits                    (abs)        0000C
_PR2                          (abs)        0001B
_PWM1DCH                      (abs)        00612
_PWM1DCL                      (abs)        00611
_PWM2DCH                      (abs)        00615
_PWM2DCL                      (abs)        00614
_PWM3DCH                      (abs)        00618
_PWM3DCL                      (abs)        00617
_PWM4CON                      (abs)        0061C
_PWM4DCH                      (abs)        0061B
_PWM4DCL                      (abs)        0061A
_Pcount                       bssCOMMON    00077
_PlowFlg                      bitbssCOMMON 003B3
_RcvFlg                       bitbssCOMMON 003B4
_ReadDataFromFlash            text9        003C6
_RecvN                        bssCOMMON    00079
_S1Cnt                        bssBANK0     00033
_SaveDataToFlash              text6        00282
_T2CON                        (abs)        0001C
_TMR0                         (abs)        00015
_TRISA                        (abs)        0008C
_TimeBase                     text1        002B5
_TimingCnt                    bssBANK0     0002B
_TimingNum                    bssBANK0     0002D
_WDTCON                       (abs)        00097
_WPUA                         (abs)        0020C
_WritePwmPercentage           text5        001B4
__CFG_BOREN$OFF               (abs)        00000
__CFG_BORV$LO                 (abs)        00000
__CFG_CLKOUTEN$OFF            (abs)        00000
__CFG_CP$OFF                  (abs)        00000
__CFG_FOSC$INTOSC             (abs)        00000
__CFG_LPBOR$OFF               (abs)        00000
__CFG_LVP$OFF                 (abs)        00000
__CFG_MCLRE$ON                (abs)        00000
__CFG_PWRTE$ON                (abs)        00000
__CFG_STVREN$OFF              (abs)        00000
__CFG_WDTE$OFF                (abs)        00000
__CFG_WRT$BOOT                (abs)        00000
__Habs1                       abs1         00000
__Hbank0                      bank0        00000
__Hbank1                      bank1        00000
__Hbank10                     bank10       00000
__Hbank11                     bank11       00000
__Hbank12                     bank12       00000
__Hbank13                     bank13       00000
__Hbank14                     bank14       00000
__Hbank15                     bank15       00000
__Hbank16                     bank16       00000
__Hbank17                     bank17       00000
__Hbank18                     bank18       00000
__Hbank19                     bank19       00000
__Hbank2                      bank2        00000
__Hbank20                     bank20       00000
__Hbank21                     bank21       00000
__Hbank22                     bank22       00000
__Hbank23                     bank23       00000
__Hbank24                     bank24       00000
__Hbank25                     bank25       00000
__Hbank26                     bank26       00000
__Hbank27                     bank27       00000
__Hbank28                     bank28       00000
__Hbank29                     bank29       00000
__Hbank3                      bank3        00000
__Hbank30                     bank30       00000
__Hbank31                     bank31       00000
__Hbank4                      bank4        00000
__Hbank5                      bank5        00000
__Hbank6                      bank6        00000
__Hbank7                      bank7        00000
__Hbank8                      bank8        00000
__Hbank9                      bank9        00000
__Hbigram                     bigram       00000
__HbitbssCOMMON               bitbssCOMMON 00000
__HbssBANK0                   bssBANK0     00000
__HbssCOMMON                  bssCOMMON    00000
__Hcinit                      cinit        00057
__Hclrtext                    clrtext      00000
__Hcode                       code         00000
__Hcommon                     common       00000
__Hconfig                     config       08009
__HcstackBANK0                cstackBANK0  00000
__HcstackCOMMON               cstackCOMMON 00000
__Heeprom_data                eeprom_data  00000
__Hend_init                   end_init     0004B
__Hfunctab                    functab      00000
__Hidloc                      idloc        00000
__Hinit                       init         0004A
__Hintentry                   intentry     0004A
__Hmaintext                   maintext     00000
__HnvBANK0                    nvBANK0      00000
__Hpowerup                    powerup      00000
__Hram                        ram          00000
__Hreset_vec                  reset_vec    00001
__Hsfr0                       sfr0         00000
__Hsfr1                       sfr1         00000
__Hsfr10                      sfr10        00000
__Hsfr11                      sfr11        00000
__Hsfr12                      sfr12        00000
__Hsfr13                      sfr13        00000
__Hsfr14                      sfr14        00000
__Hsfr15                      sfr15        00000
__Hsfr16                      sfr16        00000
__Hsfr17                      sfr17        00000
__Hsfr18                      sfr18        00000
__Hsfr19                      sfr19        00000
__Hsfr2                       sfr2         00000
__Hsfr20                      sfr20        00000
__Hsfr21                      sfr21        00000
__Hsfr22                      sfr22        00000
__Hsfr23                      sfr23        00000
__Hsfr24                      sfr24        00000
__Hsfr25                      sfr25        00000
__Hsfr26                      sfr26        00000
__Hsfr27                      sfr27        00000
__Hsfr28                      sfr28        00000
__Hsfr29                      sfr29        00000
__Hsfr3                       sfr3         00000
__Hsfr30                      sfr30        00000
__Hsfr31                      sfr31        00000
__Hsfr4                       sfr4         00000
__Hsfr5                       sfr5         00000
__Hsfr6                       sfr6         00000
__Hsfr7                       sfr7         00000
__Hsfr8                       sfr8         00000
__Hsfr9                       sfr9         00000
__Hstack                      stack        00000
__Hstrings                    strings      00000
__Htext                       text         00000
__Labs1                       abs1         00000
__Lbank0                      bank0        00000
__Lbank1                      bank1        00000
__Lbank10                     bank10       00000
__Lbank11                     bank11       00000
__Lbank12                     bank12       00000
__Lbank13                     bank13       00000
__Lbank14                     bank14       00000
__Lbank15                     bank15       00000
__Lbank16                     bank16       00000
__Lbank17                     bank17       00000
__Lbank18                     bank18       00000
__Lbank19                     bank19       00000
__Lbank2                      bank2        00000
__Lbank20                     bank20       00000
__Lbank21                     bank21       00000
__Lbank22                     bank22       00000
__Lbank23                     bank23       00000
__Lbank24                     bank24       00000
__Lbank25                     bank25       00000
__Lbank26                     bank26       00000
__Lbank27                     bank27       00000
__Lbank28                     bank28       00000
__Lbank29                     bank29       00000
__Lbank3                      bank3        00000
__Lbank30                     bank30       00000
__Lbank31                     bank31       00000
__Lbank4                      bank4        00000
__Lbank5                      bank5        00000
__Lbank6                      bank6        00000
__Lbank7                      bank7        00000
__Lbank8                      bank8        00000
__Lbank9                      bank9        00000
__Lbigram                     bigram       00000
__LbitbssCOMMON               bitbssCOMMON 00000
__LbssBANK0                   bssBANK0     00000
__LbssCOMMON                  bssCOMMON    00000
__Lcinit                      cinit        0004B
__Lclrtext                    clrtext      00000
__Lcode                       code         00000
__Lcommon                     common       00000
__Lconfig                     config       08007
__LcstackBANK0                cstackBANK0  00000
__LcstackCOMMON               cstackCOMMON 00000
__Leeprom_data                eeprom_data  00000
__Lend_init                   end_init     0004A
__Lfunctab                    functab      00000
__Lidloc                      idloc        00000
__Linit                       init         0004A
__Lintentry                   intentry     00004
__Lmaintext                   maintext     00000
__LnvBANK0                    nvBANK0      00000
__Lpowerup                    powerup      00000
__Lram                        ram          00000
__Lreset_vec                  reset_vec    00000
__Lsfr0                       sfr0         00000
__Lsfr1                       sfr1         00000
__Lsfr10                      sfr10        00000
__Lsfr11                      sfr11        00000
__Lsfr12                      sfr12        00000
__Lsfr13                      sfr13        00000
__Lsfr14                      sfr14        00000
__Lsfr15                      sfr15        00000
__Lsfr16                      sfr16        00000
__Lsfr17                      sfr17        00000
__Lsfr18                      sfr18        00000
__Lsfr19                      sfr19        00000
__Lsfr2                       sfr2         00000
__Lsfr20                      sfr20        00000
__Lsfr21                      sfr21        00000
__Lsfr22                      sfr22        00000
__Lsfr23                      sfr23        00000
__Lsfr24                      sfr24        00000
__Lsfr25                      sfr25        00000
__Lsfr26                      sfr26        00000
__Lsfr27                      sfr27        00000
__Lsfr28                      sfr28        00000
__Lsfr29                      sfr29        00000
__Lsfr3                       sfr3         00000
__Lsfr30                      sfr30        00000
__Lsfr31                      sfr31        00000
__Lsfr4                       sfr4         00000
__Lsfr5                       sfr5         00000
__Lsfr6                       sfr6         00000
__Lsfr7                       sfr7         00000
__Lsfr8                       sfr8         00000
__Lsfr9                       sfr9         00000
__Lstack                      stack        00000
__Lstrings                    strings      00000
__Ltext                       text         00000
__S0                          (abs)        08009
__S1                          (abs)        0007A
__S2                          (abs)        00000
___int_sp                     stack        00000
___latbits                    (abs)        00000
___sp                         stack        00000
___wmul                       text4        00391
___wmul@multiplicand          cstackBANK0  00036
___wmul@multiplier            cstackBANK0  00034
___wmul@product               cstackCOMMON 00074
__end_of_BzSet                text11       003EA
__end_of_CheckIr              text13       003C6
__end_of_GetIrAN              text2        00391
__end_of_ISR                  intentry     0004A
__end_of_Initialize           text12       00334
__end_of_IrDeal               text3        00130
__end_of_IrRcv                text15       001B4
__end_of_ReadDataFromFlash    text9        003D9
__end_of_SaveDataToFlash      text6        002B5
__end_of_TimeBase             text1        002E4
__end_of_WritePwmPercentage   text5        00230
__end_of___wmul               text4        003AF
__end_of__initialization      cinit        00055
__end_of_flash_memory_erase   text8        00312
__end_of_flash_memory_read    text10       00373
__end_of_flash_memory_write   text7        00282
__end_of_main                 maintext     00354
__initialization              cinit        0004B
__pbitbssCOMMON               bitbssCOMMON 003B0
__pbssBANK0                   bssBANK0     00020
__pbssCOMMON                  bssCOMMON    00077
__pcstackBANK0                cstackBANK0  00034
__pcstackCOMMON               cstackCOMMON 00070
__pintentry                   intentry     00004
__pmaintext                   maintext     00334
__pnvBANK0                    nvBANK0      00041
__ptext1                      text1        002B5
__ptext10                     text10       00354
__ptext11                     text11       003D9
__ptext12                     text12       00312
__ptext13                     text13       003AF
__ptext15                     text15       00130
__ptext2                      text2        00373
__ptext3                      text3        00057
__ptext4                      text4        00391
__ptext5                      text5        001B4
__ptext6                      text6        00282
__ptext7                      text7        00230
__ptext8                      text8        002E4
__ptext9                      text9        003C6
__size_of_BzSet               (abs)        00000
__size_of_CheckIr             (abs)        00000
__size_of_GetIrAN             (abs)        00000
__size_of_ISR                 (abs)        00000
__size_of_Initialize          (abs)        00000
__size_of_IrDeal              (abs)        00000
__size_of_IrRcv               (abs)        00000
__size_of_ReadDataFromFlash   (abs)        00000
__size_of_SaveDataToFlash     (abs)        00000
__size_of_TimeBase            (abs)        00000
__size_of_WritePwmPercentage  (abs)        00000
__size_of___wmul              (abs)        00000
__size_of_flash_memory_erase  (abs)        00000
__size_of_flash_memory_read   (abs)        00000
__size_of_flash_memory_write  (abs)        00000
__size_of_main                (abs)        00000
_flash_memory_erase           text8        002E4
_flash_memory_read            text10       00354
_flash_memory_write           text7        00230
_main                         maintext     00334
btemp                         (abs)        0007E
clear_ram0                    clrtext      003EA
end_of_initialization         cinit        00055
flash_memory_erase@AddrBuf    cstackBANK0  00035
flash_memory_erase@Page       cstackBANK0  00034
flash_memory_read@AddrBuf     cstackBANK0  00035
flash_memory_read@address     cstackBANK0  00034
flash_memory_write@AddrBuf    cstackBANK0  00038
flash_memory_write@address    cstackBANK0  00036
flash_memory_write@data       cstackCOMMON 00074
flash_memory_write@datalen    cstackCOMMON 00075
flash_memory_write@wdi        cstackBANK0  00037
intlevel0                     functab      00000
intlevel1                     functab      00000
intlevel2                     functab      00000
intlevel3                     functab      00000
intlevel4                     functab      00000
intlevel5                     functab      00000
ltemp                         (abs)        0007E
ltemp0                        (abs)        0007E
ltemp1                        (abs)        00082
ltemp2                        (abs)        00086
ltemp3                        (abs)        00080
reset_vec                     reset_vec    00000
stackhi                       (abs)        0202F
stacklo                       (abs)        02023
start                         init         0004A
start_initialization          cinit        0004B
ttemp                         (abs)        0007E
ttemp0                        (abs)        0007E
ttemp1                        (abs)        00081
ttemp2                        (abs)        00084
ttemp3                        (abs)        00087
ttemp4                        (abs)        0007F
wtemp                         (abs)        0007E
wtemp0                        (abs)        0007E
wtemp1                        (abs)        00080
wtemp2                        (abs)        00082
wtemp3                        (abs)        00084
wtemp4                        (abs)        00086
wtemp5                        (abs)        00088
wtemp6                        (abs)        0007F


FUNCTION INFORMATION:

 *************** function _main *****************
 Defined at:
		line 61 in file "sur/Main.c"
 Parameters:    Size  Location     Type
		None
 Auto vars:     Size  Location     Type
		None
 Return value:  Size  Location     Type
		None               void
 Registers used:
		wreg, fsr0l, fsr0h, fsr1l, fsr1h, fsr1l, fsr1h, status,2, status,0, btemp+1, pclath, cstack
 Tracked objects:
		On entry : 
		On exit  : 
		Unchanged: 
 Data sizes:     COMMON   BANK0
      Params:         0       0
      Locals:         0       0
      Temps:          0       2
      Totals:         0       2
Total ram usage:        2 bytes
 Hardware stack levels required when called:    5
 This function calls:
		_CheckIr
		_Initialize
		_IrDeal
		_ReadDataFromFlash
		_TimeBase
		_WritePwmPercentage
		___wmul
 This function is called by:
		Startup code after reset
 This function uses a non-reentrant model


 *************** function _TimeBase *****************
 Defined at:
		line 237 in file "sur/Main.c"
 Parameters:    Size  Location     Type
		None
 Auto vars:     Size  Location     Type
		None
 Return value:  Size  Location     Type
		None               void
 Registers used:
		wreg, status,2, status,0, pclath, cstack
 Tracked objects:
		On entry : 
		On exit  : 
		Unchanged: 
 Data sizes:     COMMON   BANK0
      Params:         0       0
      Locals:         0       0
      Temps:          0       1
      Totals:         0       1
Total ram usage:        1 bytes
 Hardware stack levels used:    1
 Hardware stack levels required when called:    3
 This function calls:
		_GetIrAN
		_WritePwmPercentage
 This function is called by:
		_main
 This function uses a non-reentrant model


 *************** function _GetIrAN *****************
 Defined at:
		line 78 in file "sur/Main.c"
 Parameters:    Size  Location     Type
		None
 Auto vars:     Size  Location     Type
  AN              1    5[COMMON] unsigned char 
 Return value:  Size  Location     Type
                  1    wreg      unsigned char 
 Registers used:
		wreg, status,2, status,0
 Tracked objects:
		On entry : 
		On exit  : 
		Unchanged: 
 Data sizes:     COMMON   BANK0
      Params:         0       0
      Locals:         1       0
      Temps:          1       0
      Totals:         2       0
Total ram usage:        2 bytes
 Hardware stack levels used:    1
 Hardware stack levels required when called:    2
 This function calls:
		Nothing
 This function is called by:
		_TimeBase
 This function uses a non-reentrant model


 *************** function _IrDeal *****************
 Defined at:
		line 126 in file "sur/Main.c"
 Parameters:    Size  Location     Type
		None
 Auto vars:     Size  Location     Type
		None
 Return value:  Size  Location     Type
		None               void
 Registers used:
		wreg, fsr0l, fsr0h, fsr1l, fsr1h, status,2, status,0, pclath, cstack
 Tracked objects:
		On entry : 
		On exit  : 
		Unchanged: 
 Data sizes:     COMMON   BANK0
      Params:         0       0
      Locals:         0       0
      Temps:          0       2
      Totals:         0       2
Total ram usage:        2 bytes
 Hardware stack levels used:    1
 Hardware stack levels required when called:    4
 This function calls:
		_BzSet
		_ReadDataFromFlash
		_SaveDataToFlash
		_WritePwmPercentage
		___wmul
 This function is called by:
		_main
 This function uses a non-reentrant model


 *************** function ___wmul *****************
 Defined at:
		line 4 in file "C:\Program Files\Microchip\xc8\v1.30\sources\common\wmul.c"
 Parameters:    Size  Location     Type
  multiplier      2    0[BANK0 ] unsigned int 
  multiplicand    2    2[BANK0 ] unsigned int 
 Auto vars:     Size  Location     Type
  product         2    4[COMMON] unsigned int 
 Return value:  Size  Location     Type
                  2    0[BANK0 ] unsigned int 
 Registers used:
		wreg, status,2, status,0
 Tracked objects:
		On entry : 
		On exit  : 
		Unchanged: 
 Data sizes:     COMMON   BANK0
      Params:         0       4
      Locals:         2       0
      Temps:          0       0
      Totals:         2       4
Total ram usage:        6 bytes
 Hardware stack levels used:    1
 Hardware stack levels required when called:    2
 This function calls:
		Nothing
 This function is called by:
		_main
		_IrDeal
 This function uses a non-reentrant model


 *************** function _WritePwmPercentage *****************
 Defined at:
		line 4 in file "sur/Pwm.c"
 Parameters:    Size  Location     Type
  AN              1    wreg     unsigned char 
  Percentage      2    4[BANK0 ] unsigned int 
 Auto vars:     Size  Location     Type
  AN              1    8[BANK0 ] unsigned char 
 Return value:  Size  Location     Type
		None               void
 Registers used:
		wreg, status,2, status,0
 Tracked objects:
		On entry : 
		On exit  : 
		Unchanged: 
 Data sizes:     COMMON   BANK0
      Params:         0       2
      Locals:         0       1
      Temps:          0       2
      Totals:         0       5
Total ram usage:        5 bytes
 Hardware stack levels used:    1
 Hardware stack levels required when called:    2
 This function calls:
		Nothing
 This function is called by:
		_main
		_IrDeal
		_TimeBase
 This function uses a non-reentrant model


 *************** function _SaveDataToFlash *****************
 Defined at:
		line 96 in file "sur/Main.c"
 Parameters:    Size  Location     Type
		None
 Auto vars:     Size  Location     Type
  AddrTemp        1    7[BANK0 ] unsigned char 
 Return value:  Size  Location     Type
		None               void
 Registers used:
		wreg, fsr1l, fsr1h, status,2, status,0, pclath, cstack
 Tracked objects:
		On entry : 
		On exit  : 
		Unchanged: 
 Data sizes:     COMMON   BANK0
      Params:         0       0
      Locals:         0       1
      Temps:          0       1
      Totals:         0       2
Total ram usage:        2 bytes
 Hardware stack levels used:    1
 Hardware stack levels required when called:    3
 This function calls:
		_flash_memory_erase
		_flash_memory_read
		_flash_memory_write
 This function is called by:
		_IrDeal
 This function uses a non-reentrant model


 *************** function _flash_memory_write *****************
 Defined at:
		line 75 in file "sur/flash_routines.c"
 Parameters:    Size  Location     Type
  address         1    wreg     unsigned char 
  data            1    4[COMMON] PTR unsigned char 
		 -> SaveDataToFlash@AddrTemp(1), DimmingNum(1), 
  datalen         1    5[COMMON] unsigned char 
 Auto vars:     Size  Location     Type
  address         1    2[BANK0 ] unsigned char 
  AddrBuf         2    4[BANK0 ] unsigned int 
  wdi             1    3[BANK0 ] unsigned char 
 Return value:  Size  Location     Type
		None               void
 Registers used:
		wreg, fsr1l, fsr1h, status,2, status,0
 Tracked objects:
		On entry : 
		On exit  : 
		Unchanged: 
 Data sizes:     COMMON   BANK0
      Params:         2       0
      Locals:         0       4
      Temps:          0       2
      Totals:         2       6
Total ram usage:        8 bytes
 Hardware stack levels used:    1
 Hardware stack levels required when called:    2
 This function calls:
		Nothing
 This function is called by:
		_SaveDataToFlash
 This function uses a non-reentrant model


 *************** function _flash_memory_erase *****************
 Defined at:
		line 136 in file "sur/flash_routines.c"
 Parameters:    Size  Location     Type
  Page            1    wreg     unsigned char 
 Auto vars:     Size  Location     Type
  Page            1    0[BANK0 ] unsigned char 
  AddrBuf         2    1[BANK0 ] unsigned int 
 Return value:  Size  Location     Type
		None               void
 Registers used:
		wreg, status,2
 Tracked objects:
		On entry : 
		On exit  : 
		Unchanged: 
 Data sizes:     COMMON   BANK0
      Params:         0       0
      Locals:         0       3
      Temps:          2       0
      Totals:         2       3
Total ram usage:        5 bytes
 Hardware stack levels used:    1
 Hardware stack levels required when called:    2
 This function calls:
		Nothing
 This function is called by:
		_SaveDataToFlash
 This function uses a non-reentrant model


 *************** function _ReadDataFromFlash *****************
 Defined at:
		line 118 in file "sur/Main.c"
 Parameters:    Size  Location     Type
		None
 Auto vars:     Size  Location     Type
  AddrTemp        1    4[BANK0 ] unsigned char 
 Return value:  Size  Location     Type
		None               void
 Registers used:
		wreg, status,2, status,0, pclath, cstack
 Tracked objects:
		On entry : 
		On exit  : 
		Unchanged: 
 Data sizes:     COMMON   BANK0
      Params:         0       0
      Locals:         0       1
      Temps:          0       1
      Totals:         0       2
Total ram usage:        2 bytes
 Hardware stack levels used:    1
 Hardware stack levels required when called:    3
 This function calls:
		_flash_memory_read
 This function is called by:
		_main
		_IrDeal
 This function uses a non-reentrant model


 *************** function _flash_memory_read *****************
 Defined at:
		line 46 in file "sur/flash_routines.c"
 Parameters:    Size  Location     Type
  address         1    wreg     unsigned char 
 Auto vars:     Size  Location     Type
  address         1    0[BANK0 ] unsigned char 
  AddrBuf         2    1[BANK0 ] unsigned int 
 Return value:  Size  Location     Type
                  1    wreg      unsigned char 
 Registers used:
		wreg, status,2
 Tracked objects:
		On entry : 
		On exit  : 
		Unchanged: 
 Data sizes:     COMMON   BANK0
      Params:         0       0
      Locals:         0       3
      Temps:          2       0
      Totals:         2       3
Total ram usage:        5 bytes
 Hardware stack levels used:    1
 Hardware stack levels required when called:    2
 This function calls:
		Nothing
 This function is called by:
		_SaveDataToFlash
		_ReadDataFromFlash
 This function uses a non-reentrant model


 *************** function _BzSet *****************
 Defined at:
		line 292 in file "sur/Main.c"
 Parameters:    Size  Location     Type
  Times           1    wreg     unsigned char 
  Long            2    4[COMMON] unsigned int 
 Auto vars:     Size  Location     Type
  Times           1    1[BANK0 ] unsigned char 
 Return value:  Size  Location     Type
		None               void
 Registers used:
		wreg, status,2, status,0
 Tracked objects:
		On entry : 
		On exit  : 
		Unchanged: 
 Data sizes:     COMMON   BANK0
      Params:         2       0
      Locals:         0       1
      Temps:          0       1
      Totals:         2       2
Total ram usage:        4 bytes
 Hardware stack levels used:    1
 Hardware stack levels required when called:    2
 This function calls:
		Nothing
 This function is called by:
		_IrDeal
 This function uses a non-reentrant model


 *************** function _Initialize *****************
 Defined at:
		line 263 in file "sur/Main.c"
 Parameters:    Size  Location     Type
		None
 Auto vars:     Size  Location     Type
		None
 Return value:  Size  Location     Type
		None               void
 Registers used:
		wreg, status,2, status,0
 Tracked objects:
		On entry : 
		On exit  : 
		Unchanged: 
 Data sizes:     COMMON   BANK0
      Params:         0       0
      Locals:         0       0
      Temps:          0       0
      Totals:         0       0
Total ram usage:        0 bytes
 Hardware stack levels used:    1
 Hardware stack levels required when called:    2
 This function calls:
		Nothing
 This function is called by:
		_main
 This function uses a non-reentrant model


 *************** function _CheckIr *****************
 Defined at:
		line 7 in file "sur/IrReceive.c"
 Parameters:    Size  Location     Type
		None
 Auto vars:     Size  Location     Type
		None
 Return value:  Size  Location     Type
                  1    wreg      unsigned char 
 Registers used:
		wreg
 Tracked objects:
		On entry : 
		On exit  : 
		Unchanged: 
 Data sizes:     COMMON   BANK0
      Params:         0       0
      Locals:         0       0
      Temps:          2       0
      Totals:         2       0
Total ram usage:        2 bytes
 Hardware stack levels used:    1
 Hardware stack levels required when called:    2
 This function calls:
		Nothing
 This function is called by:
		_main
 This function uses a non-reentrant model


 *************** function _ISR *****************
 Defined at:
		line 305 in file "sur/Main.c"
 Parameters:    Size  Location     Type
		None
 Auto vars:     Size  Location     Type
		None
 Return value:  Size  Location     Type
		None               void
 Registers used:
		wreg, status,2, status,0, pclath, cstack
 Tracked objects:
		On entry : 
		On exit  : 
		Unchanged: 
 Data sizes:     COMMON   BANK0
      Params:         0       0
      Locals:         0       0
      Temps:          3       0
      Totals:         3       0
Total ram usage:        3 bytes
 Hardware stack levels used:    1
 Hardware stack levels required when called:    1
 This function calls:
		_IrRcv
 This function is called by:
		Interrupt level 1
 This function uses a non-reentrant model


 *************** function _IrRcv *****************
 Defined at:
		line 22 in file "sur/IrReceive.c"
 Parameters:    Size  Location     Type
		None
 Auto vars:     Size  Location     Type
		None
 Return value:  Size  Location     Type
		None               void
 Registers used:
		wreg, status,2, status,0
 Tracked objects:
		On entry : 
		On exit  : 
		Unchanged: 
 Data sizes:     COMMON   BANK0
      Params:         0       0
      Locals:         0       0
      Temps:          1       0
      Totals:         1       0
Total ram usage:        1 bytes
 Hardware stack levels used:    1
 This function calls:
		Nothing
 This function is called by:
		_ISR
 This function uses a non-reentrant model



MODULE INFORMATION

Module		Function		Class		Link	Load	Size
sur/Pwm.c
		_WritePwmPercen		CODE           	01B4	0000	124

sur/Pwm.c estimated size: 124

C:\Program Files\Microchip\xc8\v1.30\sources\common\wmul.c
		___wmul        		CODE           	0391	0000	30

C:\Program Files\Microchip\xc8\v1.30\sources\common\wmul.c estimated size: 30

shared
		__initializatio		CODE           	004B	0000	10

shared estimated size: 10

sur/Main.c
		_ReadDataFromFl		CODE           	03C6	0000	19
		_ISR           		CODE           	0004	0000	70
		_SaveDataToFlas		CODE           	0282	0000	51
		_main          		CODE           	0334	0000	32
		_TimeBase      		CODE           	02B5	0000	47
		_Initialize    		CODE           	0312	0000	34
		_BzSet         		CODE           	03D9	0000	17
		_IrDeal        		CODE           	0057	0000	217
		_GetIrAN       		CODE           	0373	0000	30

sur/Main.c estimated size: 517

sur/flash_routines.c
		_flash_memory_r		CODE           	0354	0000	31
		_flash_memory_e		CODE           	02E4	0000	46
		_flash_memory_w		CODE           	0230	0000	82

sur/flash_routines.c estimated size: 159

sur/IrReceive.c
		_IrRcv         		CODE           	0130	0000	132
		_CheckIr       		CODE           	03AF	0000	23

sur/IrReceive.c estimated size: 155

